
> vite_react_shadcn_ts@0.0.0 build
> vite build

[36mvite v5.4.19 [32mbuilding for production...[36m[39m
transforming...
node.exe : Browserslist: 
browsers data (caniuse-lite) 
is 9 months old. Please run:
At line:1 char:1
+ & "C:\Program 
Files\nodejs/node.exe" 
"C:\Program 
Files\nodejs/node_mo ...
+ ~~~~~~~~~~~~~~~~~~~~~~~~~~~
~~~~~~~~~~~~~~~~~~~~~~~~~~~~~
~~~~~~~~~~~~~
    + CategoryInfo           
   : NotSpecified: (Browser  
  slist: b...ld. Please ru   
 n::String) [], RemoteExc    
eption
    + FullyQualifiedErrorId  
   : NativeCommandError
 
  npx 
update-browserslist-db@latest
  Why you should do it 
regularly: https://github.com
/browserslist/update-db#readm
e
[32mΓ£ô[39m 1688 modules transformed.
rendering chunks...
computing gzip size...
[2mdist/[22m[32mindex.html                               [39m[1m[2m  5.91 kB[22m[1m[22m[2m Γöé gzip:   2.09 kB[22m
[2mdist/[22m[32massets/couple-illustration-DmqczwAv.png  [39m[1m[2m 44.61 kB[22m[1m[22m
[2mdist/[22m[32massets/temple-bg-mobile-D4tLN32q.jpg     [39m[1m[2m173.87 kB[22m[1m[22m
[2mdist/[22m[32massets/ganesha-tW0FxhsO.png              [39m[1m[2m193.05 kB[22m[1m[22m
[2mdist/[22m[32massets/temple-bg-desktop-Bm22JhPs.jpg    [39m[1m[2m264.11 kB[22m[1m[22m
[2mdist/[22m[35massets/index-B-EpPnO0.css                [39m[1m[2m136.76 kB[22m[1m[22m[2m Γöé gzip:  23.89 kB[22m
[2mdist/[22m[36massets/index-ueWYO2Q_.js                 [39m[1m[2m430.58 kB[22m[1m[22m[2m Γöé gzip: 127.06 kB[22m
[32mΓ£ô built in 6.75s[39m
